
> backend@1.0.0 test
> jest --runInBand --detectOpenHandles

node.exe : (node:25272) [MONGOOSE] 
Warning: Duplicate schema index on 
{"reviewToken":1} found. This is 
often due to declaring an index 
using both "index: true" and 
"schema.index()". Please remove 
the duplicate index definition.
En línea: 1 Carácter: 1
+ & "C:\Program 
Files\nodejs/node.exe" "C:\Program 
Files\nodejs/node_mo ...
+ ~~~~~~~~~~~~~~~~~~~~~~~~~~~~~~~~~
~~~~~~~~~~~~~~~~~~~~~~~~~~~~~~~~~~~
~
    + CategoryInfo          : NotS 
   pecified: ((node:25272) [M...d  
  ex definition.:String) [], Rem   
 oteException
    + FullyQualifiedErrorId : Nati 
   veCommandError
 
(Use `node --trace-warnings ...` 
to show where the warning was 
created)
(node:25272) [MONGOOSE] Warning: 
Duplicate schema index on 
{"reviewToken":1} found. This is 
often due to declaring an index 
using both "index: true" and 
"schema.index()". Please remove 
the duplicate index definition.
FAIL 
tests/reservas_atomicas.test.js
  ÔùÅ Pruebas de Atomicidad de 
Reservas (Anti-Overbooking) ÔÇ║ No 
debe permitir dos reservas en el 
mismo horario (Previene 
Overbooking)

    ValidationError: Barberia 
validation failed: email: El email 
es obligatorio

    [0m [90m 23 |[39m
     [90m 24 |[39m         
[90m// Crear entorno de 
prueba[39m
    [31m[1m>[22m[39m[90m 25 
|[39m         barberia 
[33m=[39m [36mawait[39m [33mBa
rberia[39m[33m.[39mcreate({
     [90m    |[39m               
     [31m[1m^[22m[39m
     [90m 26 |[39m             
nombre[33m:[39m [32m'Atomic 
Shop'[39m[33m,[39m
     [90m 27 |[39m             
slug[33m:[39m 
[32m'atomic-shop'[39m[33m,[39m
     [90m 28 |[39m             
activa[33m:[39m 
[36mtrue[39m[0m

      at model.Object.<anonymous>.D
ocument.invalidate (node_modules/mo
ngoose/lib/document.js:3370:32)
      at validatePath (node_modules
/mongoose/lib/document.js:3145:13)
          at async Promise.all 
(index 0)
      at model.$__validate (node_mo
dules/mongoose/lib/document.js:3086
:3)
      at model.validate (node_modul
es/mongoose/lib/document.js:2663:5)
      at model.validateBeforeSave (
node_modules/mongoose/lib/plugins/v
alidateBeforeSave.js:34:7)
      at Kareem.execPre (node_modul
es/kareem/index.js:65:24)
      at model.$__save (node_module
s/mongoose/lib/model.js:369:5)
      at model.save (node_modules/m
ongoose/lib/model.js:609:5)
      at node_modules/mongoose/lib/
model.js:2722:9
          at async Promise.all 
(index 0)
      at Function.create (node_modu
les/mongoose/lib/model.js:2707:11)
      at Object.<anonymous> (tests/
reservas_atomicas.test.js:25:20)

  ÔùÅ Pruebas de Atomicidad de 
Reservas (Anti-Overbooking) ÔÇ║ 
Debe permitir reservar si la cita 
anterior fue CANCELADA

    ValidationError: Barberia 
validation failed: email: El email 
es obligatorio

    [0m [90m 23 |[39m
     [90m 24 |[39m         
[90m// Crear entorno de 
prueba[39m
    [31m[1m>[22m[39m[90m 25 
|[39m         barberia 
[33m=[39m [36mawait[39m [33mBa
rberia[39m[33m.[39mcreate({
     [90m    |[39m               
     [31m[1m^[22m[39m
     [90m 26 |[39m             
nombre[33m:[39m [32m'Atomic 
Shop'[39m[33m,[39m
     [90m 27 |[39m             
slug[33m:[39m 
[32m'atomic-shop'[39m[33m,[39m
     [90m 28 |[39m             
activa[33m:[39m 
[36mtrue[39m[0m

      at model.Object.<anonymous>.D
ocument.invalidate (node_modules/mo
ngoose/lib/document.js:3370:32)
      at validatePath (node_modules
/mongoose/lib/document.js:3145:13)
          at async Promise.all 
(index 0)
      at model.$__validate (node_mo
dules/mongoose/lib/document.js:3086
:3)
      at model.validate (node_modul
es/mongoose/lib/document.js:2663:5)
      at model.validateBeforeSave (
node_modules/mongoose/lib/plugins/v
alidateBeforeSave.js:34:7)
      at Kareem.execPre (node_modul
es/kareem/index.js:65:24)
      at model.$__save (node_module
s/mongoose/lib/model.js:369:5)
      at model.save (node_modules/m
ongoose/lib/model.js:609:5)
      at node_modules/mongoose/lib/
model.js:2722:9
          at async Promise.all 
(index 0)
      at Function.create (node_modu
les/mongoose/lib/model.js:2707:11)
      at Object.<anonymous> (tests/
reservas_atomicas.test.js:25:20)

(node:25272) [MONGOOSE] Warning: 
Duplicate schema index on 
{"reviewToken":1} found. This is 
often due to declaring an index 
using both "index: true" and 
"schema.index()". Please remove 
the duplicate index definition.
(node:25272) [MONGOOSE] Warning: 
Duplicate schema index on 
{"reviewToken":1} found. This is 
often due to declaring an index 
using both "index: true" and 
"schema.index()". Please remove 
the duplicate index definition.
[0mPOST /api/public/barberia-test/resenas?reviewToken=136c81bf0914e43a0d22d7c9da300533643b214c8637d73aa6fd011730138824 [32m200[0m 36.865 ms - 741[0m
[0mPOST /api/public/barberia-test/resenas [32m200[0m 4.062 ms - 151[0m
[0mPOST /api/public/barberia-test/resenas?reviewToken=invalid-token [32m200[0m 4.943 ms - 162[0m
[0mPOST /api/public/barberia-test/resenas?reviewToken=60d1402b179b2f40baea241345689ddea1f2bdb8d3dfd1c49af593ce32c585fb [32m200[0m 18.211 ms - 647[0m
[0mPOST /api/public/barberia-test/resenas?reviewToken=60d1402b179b2f40baea241345689ddea1f2bdb8d3dfd1c49af593ce32c585fb [32m200[0m 12.587 ms - 164[0m
[0mPOST /api/public/barberia-test/resenas?reviewToken=129ab7975bf0c766ee5a76cfd830be6016db102d4b36ff5c45fe6e022c8e281d [32m200[0m 12.728 ms - 172[0m
[0mGET /api/public/barberia-test/resenas/validar-token?reviewToken=b1d001c6b582a3bc44a4fab6abad9c5a66113f1309826ef6a5c9391ac9110a42 [32m200[0m 10.376 ms - 266[0m
[0mGET /api/public/barberia-test/resenas/validar-token?reviewToken=invalid [32m200[0m 4.497 ms - 140[0m
[0mGET /api/public/barberia-test/resenas [32m200[0m 13.338 ms - 959[0m
[0mGET /api/public/barberia-test/resenas [32m200[0m 10.044 ms - 959[0m
[0mGET /api/admin/resenas/pendientes [32m200[0m 11.448 ms - 482[0m
[0mGET /api/admin/resenas/pendientes [33m401[0m 0.371 ms - 27[0m
[0mPATCH /api/admin/resenas/69795e4a0be755259c937ce9/aprobar [32m200[0m 7.344 ms - 502[0m
[0mPATCH /api/admin/resenas/69795e4a0be755259c937cfe/aprobar [33m401[0m 0.341 ms - 27[0m
[0mGET /api/admin/resenas/estadisticas [32m200[0m 9.872 ms - 211[0m
[0mGET /api/public/barberia-test/resenas [32m200[0m 9.608 ms - 572[0m
PASS tests/resenas.test.js
[0mGET /api/public/barberia-2/resenas [32m200[0m 9.807 ms - 563[0m
PASS tests/revenue.test.js

Test Suites: 1 failed, 2 passed, 3 
total
Tests:       2 failed, 21 passed, 
23 total
Snapshots:   0 total
Time:        3.571 s, estimated 4 s
Ran all test suites.
